applicationName
builtInExtensions
commit
dataFolderName
date
enableTelemetry
extensionsGallery
licenseFileName
licenseName
licenseUrl
linkProtectionTrustedDomains
nameLong
nameShort
quality
reportIssueUrl
serverApplicationName
serverDataFolderName
serverGreeting
serverLicense
serverLicensePrompt
serverLicenseUrl
telemetryOptIn
urlProtocol
version
